###############################################################################
#                                 [games.lst]
#                             to load DinoChrome
###############################################################################

#==============================================================================
#####----{back}----
#------------------------------------------------------------------------------
menuentry "${MENU_BACK}" --class "echo/back" --hotkey "esc" {
	set SELECTED=dino
	configfile ${prefix}/menu.lst
}
#==============================================================================

#==============================================================================
#####----{DinoChrome}----
#------------------------------------------------------------------------------
menuentry "${MENU_DINO}" --class "dino" {
	linux16 ${GAME}/memdisk raw
	initrd16 ${GAME}/dino.img
}
#------------------------------------------------------------------------------
menuentry "${MENU_DINO} (bios dump)" --class "dino" {
	loadbios ${GAME}/seabios.bin
	linux16 ${GAME}/memdisk raw
	initrd16 ${GAME}/dino.img
}
#------------------------------------------------------------------------------
menuentry "${MENU_DINO} (bios & fix_video)" --class "dino" {
	insmod fixvideo
	fix_video
	loadbios ${GAME}/seabios.bin
	linux16 ${GAME}/memdisk raw
	initrd16 ${GAME}/dino.img
}
#------------------------------------------------------------------------------
menuentry "${MENU_DINO} (fakebios)" --class "dino" {
	fakebios
	linux16 ${GAME}/memdisk raw
	initrd16 ${GAME}/dino.img
}
#==============================================================================