###############################################################################
#                                 [mouse.lst]
#                          to list items of mouse
###############################################################################

#==============================================================================
#####----{function}----
#------------------------------------------------------------------------------
function save_mouse {
	refresh_lang
	refresh_theme
	configfile ${SET}/2-5.mouse.lst
}
#==============================================================================
default=${SELECTED}
#==============================================================================
#####----{back}----
#------------------------------------------------------------------------------
menuentry "${MENU_BACK}" --class "echo/back" --hotkey "esc" {
	set SELECTED=mouse
	configfile ${SET}/2.settings.lst
}
#==============================================================================

#==============================================================================
#####----{items}----
#------------------------------------------------------------------------------
menuentry "USB ${MENU_MOUSE}${USB_MOUSE}" --class "echo/${USB_MOUSE}" --id "USB" {
	if [ "on" != "${USB_MOUSE}" ]; then
		enable_usb
	else
		disable_usb
	fi
	save_env USB_MOUSE
	export SELECTED=USB
	save_mouse
}
#------------------------------------------------------------------------------
menuentry "PS/2 ${TITLE_TRACKPAD} & ${MENU_MOUSE}${PS2_MOUSE}" --class "echo/${PS2_MOUSE}" --id "PS2" {
	if [ "on" != "${PS2_MOUSE}" ]; then
		enable_ps2
	else
		disable_ps2
	fi
	save_env PS2_MOUSE
	export SELECTED=PS2
	save_mouse
}
#==============================================================================
global_environment